../Core/Src/main.c:81:5:main	56	static
../Core/Src/main.c:199:6:SystemClock_Config	72	static
../Core/Src/main.c:238:13:MX_TIM4_Init	48	static
../Core/Src/main.c:299:13:MX_USART1_UART_Init	8	static
../Core/Src/main.c:332:13:MX_USART2_UART_Init	8	static
../Core/Src/main.c:363:13:MX_DMA_Init	16	static
../Core/Src/main.c:381:13:MX_GPIO_Init	40	static
../Core/Src/main.c:414:1:__io_putchar	16	static
../Core/Src/main.c:423:6:HAL_GPIO_EXTI_Callback	16	static
../Core/Src/main.c:450:6:Error_Handler	4	static,ignoring_inline_asm
