../Core/Src/main.c:70:5:main	8	static
../Core/Src/main.c:121:6:SystemClock_Config	72	static
../Core/Src/main.c:160:13:MX_TIM2_Init	8	static
../Core/Src/main.c:216:13:MX_USART2_UART_Init	8	static
../Core/Src/main.c:249:13:MX_GPIO_Init	40	static
../Core/Src/main.c:313:7:HAL_TIM_PeriodElapsedCallback	16	static
../Core/Src/main.c:318:7:HAL_TIM_OC_DelayElapsedCallback	16	static
../Core/Src/main.c:323:7:HAL_GPIO_EXTI_Callback	16	static
../Core/Src/main.c:355:6:Error_Handler	4	static,ignoring_inline_asm
