../Core/Src/main.c:72:1:__io_putchar	16	static
../Core/Src/main.c:81:6:us_delay	16	static
../Core/Src/main.c:91:6:Set_Pin_Output	16	static
../Core/Src/main.c:102:6:Set_Pin_Input	16	static
../Core/Src/main.c:113:6:DHT11_Start	8	static
../Core/Src/main.c:123:9:DHT11_Check_Response	16	static
../Core/Src/main.c:138:9:DHT11_Read	16	static
../Core/Src/main.c:162:5:main	8	static
../Core/Src/main.c:228:6:SystemClock_Config	88	static
../Core/Src/main.c:274:13:MX_ADC1_Init	24	static
../Core/Src/main.c:321:13:MX_TIM2_Init	48	static
../Core/Src/main.c:379:13:MX_USART2_UART_Init	8	static
../Core/Src/main.c:412:13:MX_GPIO_Init	40	static
../Core/Src/main.c:452:6:Error_Handler	4	static,ignoring_inline_asm
