../Core/Src/main.c:71:5:main	8	static
../Core/Src/main.c:126:6:SystemClock_Config	72	static
../Core/Src/main.c:165:13:MX_TIM2_Init	8	static
../Core/Src/main.c:226:13:MX_USART2_UART_Init	8	static
../Core/Src/main.c:259:13:MX_GPIO_Init	40	static
../Core/Src/main.c:320:7:HAL_TIM_PeriodElapsedCallback	16	static
../Core/Src/main.c:325:7:HAL_TIM_OC_DelayElapsedCallback	16	static
../Core/Src/main.c:338:7:HAL_GPIO_EXTI_Callback	16	static
../Core/Src/main.c:379:6:Error_Handler	4	static,ignoring_inline_asm
